// Jest Snapshot v1, https://goo.gl/fbAQLP

exports[`PlatButton should render correctly 1`] = `ShallowWrapper {}`;
