// Jest Snapshot v1, https://goo.gl/fbAQLP

exports[`ConnectButton should render correctly 1`] = `ShallowWrapper {}`;
